task 5b42d203f895 started (cli-tasks, worker nvidia-nim)
SELF_REPAIR=FAILED
{
 "task_id": "5b42d203f895",
 "case": "cli-tasks",
 "worker": "nvidia-nim",
 "model": "nvidia/nemotron-3-super-120b-a12b",
 "status": "failed",
 "error": "сайдкар сообщил о неудаче",
 "base_commit": "44caf01378615e30c8443ae7bd2442d2aa6b5d3d",
 "changed_files": [],
 "verification": {
  "ran": null,
  "runner": null,
  "exit_code": null,
  "passed": null
 },
 "holdout_base": {
  "total": 7,
  "failed": 3,
  "passed": false,
  "exit_code": 1
 },
 "holdout_patched": {
  "total": null,
  "failed": null,
  "passed": null,
  "exit_code": null
 },
 "recipe_saved": null,
 "stages": {
  "DEFECT_REPRODUCED": true,
  "MODEL_PATCH_CREATED": false,
  "BOSSMAN_ZONE_CHECK_PASS": false,
  "HOLDOUT_PASS_ON_PATCH": false,
  "SCOPE_RESPECTED": true,
  "INDEPENDENT_VERIFICATION_PASS": false,
  "EXPERIENCE_AUTO_SAVED": false
 }
}
REVIEW {"reviewer": null, "accepted": false, "why": "not reviewed: tool did not report INDEPENDENT_VERIFICATION_PASS"}
