....................EEEEEEEEEE....................E.                     [100%]
==================================== ERRORS ====================================
_ ERROR at setup of test_native_executor_cannot_bypass_required_effects[missing-effect] _
'test_native_executor_cannot_bypass_required_effects[missing-effect]' requested an async fixture 'env', with no plugin or hook that handled it. This is an error, as pytest does not natively support it.
See: https://docs.pytest.org/en/stable/deprecations.html#sync-test-depending-on-async-fixture
_ ERROR at setup of test_native_executor_cannot_bypass_required_effects[observed-effect] _

self = <Coroutine test_native_executor_cannot_bypass_required_effects[observed-effect]>

    def setup(self) -> None:
        runner_fixture_id = f"_{self._loop_scope}_scoped_runner"
        if runner_fixture_id not in self.fixturenames:
            self.fixturenames.append(runner_fixture_id)
        # When loop factories are configured, resolve the loop factory
        # fixture early so that a factory variant change cascades cache
        # invalidation before any async fixture checks its cache.
        hook_caller = self.config.hook.pytest_asyncio_loop_factories
        if hook_caller.get_hookimpls():
            _ = self._request.getfixturevalue(_asyncio_loop_factory.__name__)
>       return super().setup()
               ^^^^^^^^^^^^^^^
E       AssertionError

/tmp/bossman-epoch4-venv/lib/python3.12/site-packages/pytest_asyncio/plugin.py:558: AssertionError
___ ERROR at setup of test_owner_command_without_agent_is_blocked_before_run ___

cls = <class '_pytest.runner.CallInfo'>
func = <function call_and_report.<locals>.<lambda> at 0x7f79dca50d60>
when = 'setup'
reraise = (<class '_pytest.outcomes.Exit'>, <class 'KeyboardInterrupt'>)

    @classmethod
    def from_call(
        cls,
        func: Callable[[], TResult],
        when: Literal["collect", "setup", "call", "teardown"],
        reraise: type[BaseException] | tuple[type[BaseException], ...] | None = None,
    ) -> CallInfo[TResult]:
        """Call func, wrapping the result in a CallInfo.
    
        :param func:
            The function to call. Called without arguments.
        :type func: Callable[[], _pytest.runner.TResult]
        :param when:
            The phase in which the function is called.
        :param reraise:
            Exception or exceptions that shall propagate if raised by the
            function, instead of being wrapped in the CallInfo.
        """
        excinfo = None
        instant = timing.Instant()
        try:
>           result: TResult | None = func()
                                     ^^^^^^

/tmp/bossman-epoch4-venv/lib/python3.12/site-packages/_pytest/runner.py:361: 
_ _ _ _ _ _ _ _ _ _ _ _ _ _ _ _ _ _ _ _ _ _ _ _ _ _ _ _ _ _ _ _ _ _ _ _ _ _ _ _ 
/tmp/bossman-epoch4-venv/lib/python3.12/site-packages/_pytest/runner.py:250: in <lambda>
    lambda: runtest_hook(item=item, **kwds),
            ^^^^^^^^^^^^^^^^^^^^^^^^^^^^^^^
/tmp/bossman-epoch4-venv/lib/python3.12/site-packages/pluggy/_hooks.py:512: in __call__
    return self._hookexec(self.name, self._hookimpls.copy(), kwargs, firstresult)
           ^^^^^^^^^^^^^^^^^^^^^^^^^^^^^^^^^^^^^^^^^^^^^^^^^^^^^^^^^^^^^^^^^^^^^^
/tmp/bossman-epoch4-venv/lib/python3.12/site-packages/pluggy/_manager.py:120: in _hookexec
    return self._inner_hookexec(hook_name, methods, kwargs, firstresult)
           ^^^^^^^^^^^^^^^^^^^^^^^^^^^^^^^^^^^^^^^^^^^^^^^^^^^^^^^^^^^^^
/tmp/bossman-epoch4-venv/lib/python3.12/site-packages/_pytest/logging.py:858: in pytest_runtest_setup
    yield
/tmp/bossman-epoch4-venv/lib/python3.12/site-packages/_pytest/capture.py:895: in pytest_runtest_setup
    return (yield)
            ^^^^^
/tmp/bossman-epoch4-venv/lib/python3.12/site-packages/_pytest/runner.py:170: in pytest_runtest_setup
    item.session._setupstate.setup(item)
/tmp/bossman-epoch4-venv/lib/python3.12/site-packages/_pytest/runner.py:536: in setup
    col.setup()
/tmp/bossman-epoch4-venv/lib/python3.12/site-packages/_pytest/python.py:1710: in setup
    self._request._fillfixtures()
/tmp/bossman-epoch4-venv/lib/python3.12/site-packages/_pytest/fixtures.py:806: in _fillfixtures
    item.funcargs[argname] = self.getfixturevalue(argname)
                             ^^^^^^^^^^^^^^^^^^^^^^^^^^^^^
/tmp/bossman-epoch4-venv/lib/python3.12/site-packages/_pytest/fixtures.py:630: in getfixturevalue
    fixturedef = self._get_active_fixturedef(argname)
                 ^^^^^^^^^^^^^^^^^^^^^^^^^^^^^^^^^^^^
/tmp/bossman-epoch4-venv/lib/python3.12/site-packages/_pytest/fixtures.py:726: in _get_active_fixturedef
    fixturedef.execute(request=subrequest)
_ _ _ _ _ _ _ _ _ _ _ _ _ _ _ _ _ _ _ _ _ _ _ _ _ _ _ _ _ _ _ _ _ _ _ _ _ _ _ _ 

self = <FixtureDef argname='env' scope='function' baseid='command-center/tests'>
request = <SubRequest 'env' for <Function test_owner_command_without_agent_is_blocked_before_run>>

    def execute(self, request: SubRequest) -> FixtureValue:
        """Return the value of this fixture, executing it if not cached."""
        # Ensure that the dependent fixtures requested by this fixture are loaded.
        # This needs to be done before checking if we have a cached value, since
        # if a dependent fixture has their cache invalidated, e.g. due to
        # parametrization, they finalize themselves and fixtures depending on it
        # (which will likely include this fixture) setting `self.cached_result = None`.
        # See #4871
        requested_fixtures_that_should_finalize_us = []
        for argname in self.argnames:
            fixturedef = request._get_active_fixturedef(argname)
            # Saves requested fixtures in a list so we later can add our finalizer
            # to them, ensuring that if a requested fixture gets torn down we get torn
            # down first. This is generally handled by SetupState, but still currently
            # needed when this fixture is not parametrized but depends on a parametrized
            # fixture.
            requested_fixtures_that_should_finalize_us.append(fixturedef)
    
        # Check for (and return) cached value/exception.
        if self.cached_result is not None:
            request_cache_key = self.cache_key(request)
            cache_key = self.cached_result[1]
            try:
                # Attempt to make a normal == check: this might fail for objects
                # which do not implement the standard comparison (like numpy arrays -- #6497).
                cache_hit = bool(request_cache_key == cache_key)
            except (ValueError, RuntimeError):
                # If the comparison raises, use 'is' as fallback.
                cache_hit = request_cache_key is cache_key
    
            if cache_hit:
                if self.cached_result[2] is not None:
                    exc, exc_tb = self.cached_result[2]
                    raise exc.with_traceback(exc_tb)
                else:
                    return self.cached_result[0]
            # We have a previous but differently parametrized fixture instance
            # so we need to tear it down before creating a new one.
            self.finish(request)
            assert self.cached_result is None
    
        # Add finalizer to requested fixtures we saved previously.
        # We make sure to do this after checking for cached value to avoid
        # adding our finalizer multiple times. (#12135)
        finalizer = functools.partial(self.finish, request=request)
        for parent_fixture in requested_fixtures_that_should_finalize_us:
            parent_fixture.addfinalizer(finalizer)
    
        # Register the pytest_fixture_post_finalizer as the first finalizer,
        # which is executed last.
>       assert not self._finalizers
               ^^^^^^^^^^^^^^^^^^^^
E       AssertionError

/tmp/bossman-epoch4-venv/lib/python3.12/site-packages/_pytest/fixtures.py:1221: AssertionError
_ ERROR at setup of test_manual_admission_never_claims_queued_without_executor[run] _

cls = <class '_pytest.runner.CallInfo'>
func = <function call_and_report.<locals>.<lambda> at 0x7f79dca52200>
when = 'setup'
reraise = (<class '_pytest.outcomes.Exit'>, <class 'KeyboardInterrupt'>)

    @classmethod
    def from_call(
        cls,
        func: Callable[[], TResult],
        when: Literal["collect", "setup", "call", "teardown"],
        reraise: type[BaseException] | tuple[type[BaseException], ...] | None = None,
    ) -> CallInfo[TResult]:
        """Call func, wrapping the result in a CallInfo.
    
        :param func:
            The function to call. Called without arguments.
        :type func: Callable[[], _pytest.runner.TResult]
        :param when:
            The phase in which the function is called.
        :param reraise:
            Exception or exceptions that shall propagate if raised by the
            function, instead of being wrapped in the CallInfo.
        """
        excinfo = None
        instant = timing.Instant()
        try:
>           result: TResult | None = func()
                                     ^^^^^^

/tmp/bossman-epoch4-venv/lib/python3.12/site-packages/_pytest/runner.py:361: 
_ _ _ _ _ _ _ _ _ _ _ _ _ _ _ _ _ _ _ _ _ _ _ _ _ _ _ _ _ _ _ _ _ _ _ _ _ _ _ _ 
/tmp/bossman-epoch4-venv/lib/python3.12/site-packages/_pytest/runner.py:250: in <lambda>
    lambda: runtest_hook(item=item, **kwds),
            ^^^^^^^^^^^^^^^^^^^^^^^^^^^^^^^
/tmp/bossman-epoch4-venv/lib/python3.12/site-packages/pluggy/_hooks.py:512: in __call__
    return self._hookexec(self.name, self._hookimpls.copy(), kwargs, firstresult)
           ^^^^^^^^^^^^^^^^^^^^^^^^^^^^^^^^^^^^^^^^^^^^^^^^^^^^^^^^^^^^^^^^^^^^^^
/tmp/bossman-epoch4-venv/lib/python3.12/site-packages/pluggy/_manager.py:120: in _hookexec
    return self._inner_hookexec(hook_name, methods, kwargs, firstresult)
           ^^^^^^^^^^^^^^^^^^^^^^^^^^^^^^^^^^^^^^^^^^^^^^^^^^^^^^^^^^^^^
/tmp/bossman-epoch4-venv/lib/python3.12/site-packages/_pytest/logging.py:858: in pytest_runtest_setup
    yield
/tmp/bossman-epoch4-venv/lib/python3.12/site-packages/_pytest/capture.py:895: in pytest_runtest_setup
    return (yield)
            ^^^^^
/tmp/bossman-epoch4-venv/lib/python3.12/site-packages/_pytest/runner.py:170: in pytest_runtest_setup
    item.session._setupstate.setup(item)
/tmp/bossman-epoch4-venv/lib/python3.12/site-packages/_pytest/runner.py:536: in setup
    col.setup()
/tmp/bossman-epoch4-venv/lib/python3.12/site-packages/_pytest/python.py:1710: in setup
    self._request._fillfixtures()
/tmp/bossman-epoch4-venv/lib/python3.12/site-packages/_pytest/fixtures.py:806: in _fillfixtures
    item.funcargs[argname] = self.getfixturevalue(argname)
                             ^^^^^^^^^^^^^^^^^^^^^^^^^^^^^
/tmp/bossman-epoch4-venv/lib/python3.12/site-packages/_pytest/fixtures.py:630: in getfixturevalue
    fixturedef = self._get_active_fixturedef(argname)
                 ^^^^^^^^^^^^^^^^^^^^^^^^^^^^^^^^^^^^
/tmp/bossman-epoch4-venv/lib/python3.12/site-packages/_pytest/fixtures.py:726: in _get_active_fixturedef
    fixturedef.execute(request=subrequest)
_ _ _ _ _ _ _ _ _ _ _ _ _ _ _ _ _ _ _ _ _ _ _ _ _ _ _ _ _ _ _ _ _ _ _ _ _ _ _ _ 

self = <FixtureDef argname='env' scope='function' baseid='command-center/tests'>
request = <SubRequest 'env' for <Function test_manual_admission_never_claims_queued_without_executor[run]>>

    def execute(self, request: SubRequest) -> FixtureValue:
        """Return the value of this fixture, executing it if not cached."""
        # Ensure that the dependent fixtures requested by this fixture are loaded.
        # This needs to be done before checking if we have a cached value, since
        # if a dependent fixture has their cache invalidated, e.g. due to
        # parametrization, they finalize themselves and fixtures depending on it
        # (which will likely include this fixture) setting `self.cached_result = None`.
        # See #4871
        requested_fixtures_that_should_finalize_us = []
        for argname in self.argnames:
            fixturedef = request._get_active_fixturedef(argname)
            # Saves requested fixtures in a list so we later can add our finalizer
            # to them, ensuring that if a requested fixture gets torn down we get torn
            # down first. This is generally handled by SetupState, but still currently
            # needed when this fixture is not parametrized but depends on a parametrized
            # fixture.
            requested_fixtures_that_should_finalize_us.append(fixturedef)
    
        # Check for (and return) cached value/exception.
        if self.cached_result is not None:
            request_cache_key = self.cache_key(request)
            cache_key = self.cached_result[1]
            try:
                # Attempt to make a normal == check: this might fail for objects
                # which do not implement the standard comparison (like numpy arrays -- #6497).
                cache_hit = bool(request_cache_key == cache_key)
            except (ValueError, RuntimeError):
                # If the comparison raises, use 'is' as fallback.
                cache_hit = request_cache_key is cache_key
    
            if cache_hit:
                if self.cached_result[2] is not None:
                    exc, exc_tb = self.cached_result[2]
                    raise exc.with_traceback(exc_tb)
                else:
                    return self.cached_result[0]
            # We have a previous but differently parametrized fixture instance
            # so we need to tear it down before creating a new one.
            self.finish(request)
            assert self.cached_result is None
    
        # Add finalizer to requested fixtures we saved previously.
        # We make sure to do this after checking for cached value to avoid
        # adding our finalizer multiple times. (#12135)
        finalizer = functools.partial(self.finish, request=request)
        for parent_fixture in requested_fixtures_that_should_finalize_us:
            parent_fixture.addfinalizer(finalizer)
    
        # Register the pytest_fixture_post_finalizer as the first finalizer,
        # which is executed last.
>       assert not self._finalizers
               ^^^^^^^^^^^^^^^^^^^^
E       AssertionError

/tmp/bossman-epoch4-venv/lib/python3.12/site-packages/_pytest/fixtures.py:1221: AssertionError
_ ERROR at setup of test_manual_admission_never_claims_queued_without_executor[retry] _

cls = <class '_pytest.runner.CallInfo'>
func = <function call_and_report.<locals>.<lambda> at 0x7f79dd3ff1a0>
when = 'setup'
reraise = (<class '_pytest.outcomes.Exit'>, <class 'KeyboardInterrupt'>)

    @classmethod
    def from_call(
        cls,
        func: Callable[[], TResult],
        when: Literal["collect", "setup", "call", "teardown"],
        reraise: type[BaseException] | tuple[type[BaseException], ...] | None = None,
    ) -> CallInfo[TResult]:
        """Call func, wrapping the result in a CallInfo.
    
        :param func:
            The function to call. Called without arguments.
        :type func: Callable[[], _pytest.runner.TResult]
        :param when:
            The phase in which the function is called.
        :param reraise:
            Exception or exceptions that shall propagate if raised by the
            function, instead of being wrapped in the CallInfo.
        """
        excinfo = None
        instant = timing.Instant()
        try:
>           result: TResult | None = func()
                                     ^^^^^^

/tmp/bossman-epoch4-venv/lib/python3.12/site-packages/_pytest/runner.py:361: 
_ _ _ _ _ _ _ _ _ _ _ _ _ _ _ _ _ _ _ _ _ _ _ _ _ _ _ _ _ _ _ _ _ _ _ _ _ _ _ _ 
/tmp/bossman-epoch4-venv/lib/python3.12/site-packages/_pytest/runner.py:250: in <lambda>
    lambda: runtest_hook(item=item, **kwds),
            ^^^^^^^^^^^^^^^^^^^^^^^^^^^^^^^
/tmp/bossman-epoch4-venv/lib/python3.12/site-packages/pluggy/_hooks.py:512: in __call__
    return self._hookexec(self.name, self._hookimpls.copy(), kwargs, firstresult)
           ^^^^^^^^^^^^^^^^^^^^^^^^^^^^^^^^^^^^^^^^^^^^^^^^^^^^^^^^^^^^^^^^^^^^^^
/tmp/bossman-epoch4-venv/lib/python3.12/site-packages/pluggy/_manager.py:120: in _hookexec
    return self._inner_hookexec(hook_name, methods, kwargs, firstresult)
           ^^^^^^^^^^^^^^^^^^^^^^^^^^^^^^^^^^^^^^^^^^^^^^^^^^^^^^^^^^^^^
/tmp/bossman-epoch4-venv/lib/python3.12/site-packages/_pytest/logging.py:858: in pytest_runtest_setup
    yield
/tmp/bossman-epoch4-venv/lib/python3.12/site-packages/_pytest/capture.py:895: in pytest_runtest_setup
    return (yield)
            ^^^^^
/tmp/bossman-epoch4-venv/lib/python3.12/site-packages/_pytest/runner.py:170: in pytest_runtest_setup
    item.session._setupstate.setup(item)
/tmp/bossman-epoch4-venv/lib/python3.12/site-packages/_pytest/runner.py:536: in setup
    col.setup()
/tmp/bossman-epoch4-venv/lib/python3.12/site-packages/_pytest/python.py:1710: in setup
    self._request._fillfixtures()
/tmp/bossman-epoch4-venv/lib/python3.12/site-packages/_pytest/fixtures.py:806: in _fillfixtures
    item.funcargs[argname] = self.getfixturevalue(argname)
                             ^^^^^^^^^^^^^^^^^^^^^^^^^^^^^
/tmp/bossman-epoch4-venv/lib/python3.12/site-packages/_pytest/fixtures.py:630: in getfixturevalue
    fixturedef = self._get_active_fixturedef(argname)
                 ^^^^^^^^^^^^^^^^^^^^^^^^^^^^^^^^^^^^
/tmp/bossman-epoch4-venv/lib/python3.12/site-packages/_pytest/fixtures.py:726: in _get_active_fixturedef
    fixturedef.execute(request=subrequest)
_ _ _ _ _ _ _ _ _ _ _ _ _ _ _ _ _ _ _ _ _ _ _ _ _ _ _ _ _ _ _ _ _ _ _ _ _ _ _ _ 

self = <FixtureDef argname='env' scope='function' baseid='command-center/tests'>
request = <SubRequest 'env' for <Function test_manual_admission_never_claims_queued_without_executor[retry]>>

    def execute(self, request: SubRequest) -> FixtureValue:
        """Return the value of this fixture, executing it if not cached."""
        # Ensure that the dependent fixtures requested by this fixture are loaded.
        # This needs to be done before checking if we have a cached value, since
        # if a dependent fixture has their cache invalidated, e.g. due to
        # parametrization, they finalize themselves and fixtures depending on it
        # (which will likely include this fixture) setting `self.cached_result = None`.
        # See #4871
        requested_fixtures_that_should_finalize_us = []
        for argname in self.argnames:
            fixturedef = request._get_active_fixturedef(argname)
            # Saves requested fixtures in a list so we later can add our finalizer
            # to them, ensuring that if a requested fixture gets torn down we get torn
            # down first. This is generally handled by SetupState, but still currently
            # needed when this fixture is not parametrized but depends on a parametrized
            # fixture.
            requested_fixtures_that_should_finalize_us.append(fixturedef)
    
        # Check for (and return) cached value/exception.
        if self.cached_result is not None:
            request_cache_key = self.cache_key(request)
            cache_key = self.cached_result[1]
            try:
                # Attempt to make a normal == check: this might fail for objects
                # which do not implement the standard comparison (like numpy arrays -- #6497).
                cache_hit = bool(request_cache_key == cache_key)
            except (ValueError, RuntimeError):
                # If the comparison raises, use 'is' as fallback.
                cache_hit = request_cache_key is cache_key
    
            if cache_hit:
                if self.cached_result[2] is not None:
                    exc, exc_tb = self.cached_result[2]
                    raise exc.with_traceback(exc_tb)
                else:
                    return self.cached_result[0]
            # We have a previous but differently parametrized fixture instance
            # so we need to tear it down before creating a new one.
            self.finish(request)
            assert self.cached_result is None
    
        # Add finalizer to requested fixtures we saved previously.
        # We make sure to do this after checking for cached value to avoid
        # adding our finalizer multiple times. (#12135)
        finalizer = functools.partial(self.finish, request=request)
        for parent_fixture in requested_fixtures_that_should_finalize_us:
            parent_fixture.addfinalizer(finalizer)
    
        # Register the pytest_fixture_post_finalizer as the first finalizer,
        # which is executed last.
>       assert not self._finalizers
               ^^^^^^^^^^^^^^^^^^^^
E       AssertionError

/tmp/bossman-epoch4-venv/lib/python3.12/site-packages/_pytest/fixtures.py:1221: AssertionError
_ ERROR at setup of test_manual_admission_never_claims_queued_without_executor[resume] _

cls = <class '_pytest.runner.CallInfo'>
func = <function call_and_report.<locals>.<lambda> at 0x7f79dd3fdf80>
when = 'setup'
reraise = (<class '_pytest.outcomes.Exit'>, <class 'KeyboardInterrupt'>)

    @classmethod
    def from_call(
        cls,
        func: Callable[[], TResult],
        when: Literal["collect", "setup", "call", "teardown"],
        reraise: type[BaseException] | tuple[type[BaseException], ...] | None = None,
    ) -> CallInfo[TResult]:
        """Call func, wrapping the result in a CallInfo.
    
        :param func:
            The function to call. Called without arguments.
        :type func: Callable[[], _pytest.runner.TResult]
        :param when:
            The phase in which the function is called.
        :param reraise:
            Exception or exceptions that shall propagate if raised by the
            function, instead of being wrapped in the CallInfo.
        """
        excinfo = None
        instant = timing.Instant()
        try:
>           result: TResult | None = func()
                                     ^^^^^^

/tmp/bossman-epoch4-venv/lib/python3.12/site-packages/_pytest/runner.py:361: 
_ _ _ _ _ _ _ _ _ _ _ _ _ _ _ _ _ _ _ _ _ _ _ _ _ _ _ _ _ _ _ _ _ _ _ _ _ _ _ _ 
/tmp/bossman-epoch4-venv/lib/python3.12/site-packages/_pytest/runner.py:250: in <lambda>
    lambda: runtest_hook(item=item, **kwds),
            ^^^^^^^^^^^^^^^^^^^^^^^^^^^^^^^
/tmp/bossman-epoch4-venv/lib/python3.12/site-packages/pluggy/_hooks.py:512: in __call__
    return self._hookexec(self.name, self._hookimpls.copy(), kwargs, firstresult)
           ^^^^^^^^^^^^^^^^^^^^^^^^^^^^^^^^^^^^^^^^^^^^^^^^^^^^^^^^^^^^^^^^^^^^^^
/tmp/bossman-epoch4-venv/lib/python3.12/site-packages/pluggy/_manager.py:120: in _hookexec
    return self._inner_hookexec(hook_name, methods, kwargs, firstresult)
           ^^^^^^^^^^^^^^^^^^^^^^^^^^^^^^^^^^^^^^^^^^^^^^^^^^^^^^^^^^^^^
/tmp/bossman-epoch4-venv/lib/python3.12/site-packages/_pytest/logging.py:858: in pytest_runtest_setup
    yield
/tmp/bossman-epoch4-venv/lib/python3.12/site-packages/_pytest/capture.py:895: in pytest_runtest_setup
    return (yield)
            ^^^^^
/tmp/bossman-epoch4-venv/lib/python3.12/site-packages/_pytest/runner.py:170: in pytest_runtest_setup
    item.session._setupstate.setup(item)
/tmp/bossman-epoch4-venv/lib/python3.12/site-packages/_pytest/runner.py:536: in setup
    col.setup()
/tmp/bossman-epoch4-venv/lib/python3.12/site-packages/_pytest/python.py:1710: in setup
    self._request._fillfixtures()
/tmp/bossman-epoch4-venv/lib/python3.12/site-packages/_pytest/fixtures.py:806: in _fillfixtures
    item.funcargs[argname] = self.getfixturevalue(argname)
                             ^^^^^^^^^^^^^^^^^^^^^^^^^^^^^
/tmp/bossman-epoch4-venv/lib/python3.12/site-packages/_pytest/fixtures.py:630: in getfixturevalue
    fixturedef = self._get_active_fixturedef(argname)
                 ^^^^^^^^^^^^^^^^^^^^^^^^^^^^^^^^^^^^
/tmp/bossman-epoch4-venv/lib/python3.12/site-packages/_pytest/fixtures.py:726: in _get_active_fixturedef
    fixturedef.execute(request=subrequest)
_ _ _ _ _ _ _ _ _ _ _ _ _ _ _ _ _ _ _ _ _ _ _ _ _ _ _ _ _ _ _ _ _ _ _ _ _ _ _ _ 

self = <FixtureDef argname='env' scope='function' baseid='command-center/tests'>
request = <SubRequest 'env' for <Function test_manual_admission_never_claims_queued_without_executor[resume]>>

    def execute(self, request: SubRequest) -> FixtureValue:
        """Return the value of this fixture, executing it if not cached."""
        # Ensure that the dependent fixtures requested by this fixture are loaded.
        # This needs to be done before checking if we have a cached value, since
        # if a dependent fixture has their cache invalidated, e.g. due to
        # parametrization, they finalize themselves and fixtures depending on it
        # (which will likely include this fixture) setting `self.cached_result = None`.
        # See #4871
        requested_fixtures_that_should_finalize_us = []
        for argname in self.argnames:
            fixturedef = request._get_active_fixturedef(argname)
            # Saves requested fixtures in a list so we later can add our finalizer
            # to them, ensuring that if a requested fixture gets torn down we get torn
            # down first. This is generally handled by SetupState, but still currently
            # needed when this fixture is not parametrized but depends on a parametrized
            # fixture.
            requested_fixtures_that_should_finalize_us.append(fixturedef)
    
        # Check for (and return) cached value/exception.
        if self.cached_result is not None:
            request_cache_key = self.cache_key(request)
            cache_key = self.cached_result[1]
            try:
                # Attempt to make a normal == check: this might fail for objects
                # which do not implement the standard comparison (like numpy arrays -- #6497).
                cache_hit = bool(request_cache_key == cache_key)
            except (ValueError, RuntimeError):
                # If the comparison raises, use 'is' as fallback.
                cache_hit = request_cache_key is cache_key
    
            if cache_hit:
                if self.cached_result[2] is not None:
                    exc, exc_tb = self.cached_result[2]
                    raise exc.with_traceback(exc_tb)
                else:
                    return self.cached_result[0]
            # We have a previous but differently parametrized fixture instance
            # so we need to tear it down before creating a new one.
            self.finish(request)
            assert self.cached_result is None
    
        # Add finalizer to requested fixtures we saved previously.
        # We make sure to do this after checking for cached value to avoid
        # adding our finalizer multiple times. (#12135)
        finalizer = functools.partial(self.finish, request=request)
        for parent_fixture in requested_fixtures_that_should_finalize_us:
            parent_fixture.addfinalizer(finalizer)
    
        # Register the pytest_fixture_post_finalizer as the first finalizer,
        # which is executed last.
>       assert not self._finalizers
               ^^^^^^^^^^^^^^^^^^^^
E       AssertionError

/tmp/bossman-epoch4-venv/lib/python3.12/site-packages/_pytest/fixtures.py:1221: AssertionError
_ ERROR at setup of test_disabled_executor_blocks_then_reenabled_executor_runs _

cls = <class '_pytest.runner.CallInfo'>
func = <function call_and_report.<locals>.<lambda> at 0x7f79dd3fe840>
when = 'setup'
reraise = (<class '_pytest.outcomes.Exit'>, <class 'KeyboardInterrupt'>)

    @classmethod
    def from_call(
        cls,
        func: Callable[[], TResult],
        when: Literal["collect", "setup", "call", "teardown"],
        reraise: type[BaseException] | tuple[type[BaseException], ...] | None = None,
    ) -> CallInfo[TResult]:
        """Call func, wrapping the result in a CallInfo.
    
        :param func:
            The function to call. Called without arguments.
        :type func: Callable[[], _pytest.runner.TResult]
        :param when:
            The phase in which the function is called.
        :param reraise:
            Exception or exceptions that shall propagate if raised by the
            function, instead of being wrapped in the CallInfo.
        """
        excinfo = None
        instant = timing.Instant()
        try:
>           result: TResult | None = func()
                                     ^^^^^^

/tmp/bossman-epoch4-venv/lib/python3.12/site-packages/_pytest/runner.py:361: 
_ _ _ _ _ _ _ _ _ _ _ _ _ _ _ _ _ _ _ _ _ _ _ _ _ _ _ _ _ _ _ _ _ _ _ _ _ _ _ _ 
/tmp/bossman-epoch4-venv/lib/python3.12/site-packages/_pytest/runner.py:250: in <lambda>
    lambda: runtest_hook(item=item, **kwds),
            ^^^^^^^^^^^^^^^^^^^^^^^^^^^^^^^
/tmp/bossman-epoch4-venv/lib/python3.12/site-packages/pluggy/_hooks.py:512: in __call__
    return self._hookexec(self.name, self._hookimpls.copy(), kwargs, firstresult)
           ^^^^^^^^^^^^^^^^^^^^^^^^^^^^^^^^^^^^^^^^^^^^^^^^^^^^^^^^^^^^^^^^^^^^^^
/tmp/bossman-epoch4-venv/lib/python3.12/site-packages/pluggy/_manager.py:120: in _hookexec
    return self._inner_hookexec(hook_name, methods, kwargs, firstresult)
           ^^^^^^^^^^^^^^^^^^^^^^^^^^^^^^^^^^^^^^^^^^^^^^^^^^^^^^^^^^^^^
/tmp/bossman-epoch4-venv/lib/python3.12/site-packages/_pytest/logging.py:858: in pytest_runtest_setup
    yield
/tmp/bossman-epoch4-venv/lib/python3.12/site-packages/_pytest/capture.py:895: in pytest_runtest_setup
    return (yield)
            ^^^^^
/tmp/bossman-epoch4-venv/lib/python3.12/site-packages/_pytest/runner.py:170: in pytest_runtest_setup
    item.session._setupstate.setup(item)
/tmp/bossman-epoch4-venv/lib/python3.12/site-packages/_pytest/runner.py:536: in setup
    col.setup()
/tmp/bossman-epoch4-venv/lib/python3.12/site-packages/_pytest/python.py:1710: in setup
    self._request._fillfixtures()
/tmp/bossman-epoch4-venv/lib/python3.12/site-packages/_pytest/fixtures.py:806: in _fillfixtures
    item.funcargs[argname] = self.getfixturevalue(argname)
                             ^^^^^^^^^^^^^^^^^^^^^^^^^^^^^
/tmp/bossman-epoch4-venv/lib/python3.12/site-packages/_pytest/fixtures.py:630: in getfixturevalue
    fixturedef = self._get_active_fixturedef(argname)
                 ^^^^^^^^^^^^^^^^^^^^^^^^^^^^^^^^^^^^
/tmp/bossman-epoch4-venv/lib/python3.12/site-packages/_pytest/fixtures.py:726: in _get_active_fixturedef
    fixturedef.execute(request=subrequest)
_ _ _ _ _ _ _ _ _ _ _ _ _ _ _ _ _ _ _ _ _ _ _ _ _ _ _ _ _ _ _ _ _ _ _ _ _ _ _ _ 

self = <FixtureDef argname='env' scope='function' baseid='command-center/tests'>
request = <SubRequest 'env' for <Function test_disabled_executor_blocks_then_reenabled_executor_runs>>

    def execute(self, request: SubRequest) -> FixtureValue:
        """Return the value of this fixture, executing it if not cached."""
        # Ensure that the dependent fixtures requested by this fixture are loaded.
        # This needs to be done before checking if we have a cached value, since
        # if a dependent fixture has their cache invalidated, e.g. due to
        # parametrization, they finalize themselves and fixtures depending on it
        # (which will likely include this fixture) setting `self.cached_result = None`.
        # See #4871
        requested_fixtures_that_should_finalize_us = []
        for argname in self.argnames:
            fixturedef = request._get_active_fixturedef(argname)
            # Saves requested fixtures in a list so we later can add our finalizer
            # to them, ensuring that if a requested fixture gets torn down we get torn
            # down first. This is generally handled by SetupState, but still currently
            # needed when this fixture is not parametrized but depends on a parametrized
            # fixture.
            requested_fixtures_that_should_finalize_us.append(fixturedef)
    
        # Check for (and return) cached value/exception.
        if self.cached_result is not None:
            request_cache_key = self.cache_key(request)
            cache_key = self.cached_result[1]
            try:
                # Attempt to make a normal == check: this might fail for objects
                # which do not implement the standard comparison (like numpy arrays -- #6497).
                cache_hit = bool(request_cache_key == cache_key)
            except (ValueError, RuntimeError):
                # If the comparison raises, use 'is' as fallback.
                cache_hit = request_cache_key is cache_key
    
            if cache_hit:
                if self.cached_result[2] is not None:
                    exc, exc_tb = self.cached_result[2]
                    raise exc.with_traceback(exc_tb)
                else:
                    return self.cached_result[0]
            # We have a previous but differently parametrized fixture instance
            # so we need to tear it down before creating a new one.
            self.finish(request)
            assert self.cached_result is None
    
        # Add finalizer to requested fixtures we saved previously.
        # We make sure to do this after checking for cached value to avoid
        # adding our finalizer multiple times. (#12135)
        finalizer = functools.partial(self.finish, request=request)
        for parent_fixture in requested_fixtures_that_should_finalize_us:
            parent_fixture.addfinalizer(finalizer)
    
        # Register the pytest_fixture_post_finalizer as the first finalizer,
        # which is executed last.
>       assert not self._finalizers
               ^^^^^^^^^^^^^^^^^^^^
E       AssertionError

/tmp/bossman-epoch4-venv/lib/python3.12/site-packages/_pytest/fixtures.py:1221: AssertionError
_ ERROR at setup of test_executor_removed_after_enqueue_is_blocked_without_model_call _

cls = <class '_pytest.runner.CallInfo'>
func = <function call_and_report.<locals>.<lambda> at 0x7f79dd3fd620>
when = 'setup'
reraise = (<class '_pytest.outcomes.Exit'>, <class 'KeyboardInterrupt'>)

    @classmethod
    def from_call(
        cls,
        func: Callable[[], TResult],
        when: Literal["collect", "setup", "call", "teardown"],
        reraise: type[BaseException] | tuple[type[BaseException], ...] | None = None,
    ) -> CallInfo[TResult]:
        """Call func, wrapping the result in a CallInfo.
    
        :param func:
            The function to call. Called without arguments.
        :type func: Callable[[], _pytest.runner.TResult]
        :param when:
            The phase in which the function is called.
        :param reraise:
            Exception or exceptions that shall propagate if raised by the
            function, instead of being wrapped in the CallInfo.
        """
        excinfo = None
        instant = timing.Instant()
        try:
>           result: TResult | None = func()
                                     ^^^^^^

/tmp/bossman-epoch4-venv/lib/python3.12/site-packages/_pytest/runner.py:361: 
_ _ _ _ _ _ _ _ _ _ _ _ _ _ _ _ _ _ _ _ _ _ _ _ _ _ _ _ _ _ _ _ _ _ _ _ _ _ _ _ 
/tmp/bossman-epoch4-venv/lib/python3.12/site-packages/_pytest/runner.py:250: in <lambda>
    lambda: runtest_hook(item=item, **kwds),
            ^^^^^^^^^^^^^^^^^^^^^^^^^^^^^^^
/tmp/bossman-epoch4-venv/lib/python3.12/site-packages/pluggy/_hooks.py:512: in __call__
    return self._hookexec(self.name, self._hookimpls.copy(), kwargs, firstresult)
           ^^^^^^^^^^^^^^^^^^^^^^^^^^^^^^^^^^^^^^^^^^^^^^^^^^^^^^^^^^^^^^^^^^^^^^
/tmp/bossman-epoch4-venv/lib/python3.12/site-packages/pluggy/_manager.py:120: in _hookexec
    return self._inner_hookexec(hook_name, methods, kwargs, firstresult)
           ^^^^^^^^^^^^^^^^^^^^^^^^^^^^^^^^^^^^^^^^^^^^^^^^^^^^^^^^^^^^^
/tmp/bossman-epoch4-venv/lib/python3.12/site-packages/_pytest/logging.py:858: in pytest_runtest_setup
    yield
/tmp/bossman-epoch4-venv/lib/python3.12/site-packages/_pytest/capture.py:895: in pytest_runtest_setup
    return (yield)
            ^^^^^
/tmp/bossman-epoch4-venv/lib/python3.12/site-packages/_pytest/runner.py:170: in pytest_runtest_setup
    item.session._setupstate.setup(item)
/tmp/bossman-epoch4-venv/lib/python3.12/site-packages/_pytest/runner.py:536: in setup
    col.setup()
/tmp/bossman-epoch4-venv/lib/python3.12/site-packages/_pytest/python.py:1710: in setup
    self._request._fillfixtures()
/tmp/bossman-epoch4-venv/lib/python3.12/site-packages/_pytest/fixtures.py:806: in _fillfixtures
    item.funcargs[argname] = self.getfixturevalue(argname)
                             ^^^^^^^^^^^^^^^^^^^^^^^^^^^^^
/tmp/bossman-epoch4-venv/lib/python3.12/site-packages/_pytest/fixtures.py:630: in getfixturevalue
    fixturedef = self._get_active_fixturedef(argname)
                 ^^^^^^^^^^^^^^^^^^^^^^^^^^^^^^^^^^^^
/tmp/bossman-epoch4-venv/lib/python3.12/site-packages/_pytest/fixtures.py:726: in _get_active_fixturedef
    fixturedef.execute(request=subrequest)
_ _ _ _ _ _ _ _ _ _ _ _ _ _ _ _ _ _ _ _ _ _ _ _ _ _ _ _ _ _ _ _ _ _ _ _ _ _ _ _ 

self = <FixtureDef argname='env' scope='function' baseid='command-center/tests'>
request = <SubRequest 'env' for <Function test_executor_removed_after_enqueue_is_blocked_without_model_call>>

    def execute(self, request: SubRequest) -> FixtureValue:
        """Return the value of this fixture, executing it if not cached."""
        # Ensure that the dependent fixtures requested by this fixture are loaded.
        # This needs to be done before checking if we have a cached value, since
        # if a dependent fixture has their cache invalidated, e.g. due to
        # parametrization, they finalize themselves and fixtures depending on it
        # (which will likely include this fixture) setting `self.cached_result = None`.
        # See #4871
        requested_fixtures_that_should_finalize_us = []
        for argname in self.argnames:
            fixturedef = request._get_active_fixturedef(argname)
            # Saves requested fixtures in a list so we later can add our finalizer
            # to them, ensuring that if a requested fixture gets torn down we get torn
            # down first. This is generally handled by SetupState, but still currently
            # needed when this fixture is not parametrized but depends on a parametrized
            # fixture.
            requested_fixtures_that_should_finalize_us.append(fixturedef)
    
        # Check for (and return) cached value/exception.
        if self.cached_result is not None:
            request_cache_key = self.cache_key(request)
            cache_key = self.cached_result[1]
            try:
                # Attempt to make a normal == check: this might fail for objects
                # which do not implement the standard comparison (like numpy arrays -- #6497).
                cache_hit = bool(request_cache_key == cache_key)
            except (ValueError, RuntimeError):
                # If the comparison raises, use 'is' as fallback.
                cache_hit = request_cache_key is cache_key
    
            if cache_hit:
                if self.cached_result[2] is not None:
                    exc, exc_tb = self.cached_result[2]
                    raise exc.with_traceback(exc_tb)
                else:
                    return self.cached_result[0]
            # We have a previous but differently parametrized fixture instance
            # so we need to tear it down before creating a new one.
            self.finish(request)
            assert self.cached_result is None
    
        # Add finalizer to requested fixtures we saved previously.
        # We make sure to do this after checking for cached value to avoid
        # adding our finalizer multiple times. (#12135)
        finalizer = functools.partial(self.finish, request=request)
        for parent_fixture in requested_fixtures_that_should_finalize_us:
            parent_fixture.addfinalizer(finalizer)
    
        # Register the pytest_fixture_post_finalizer as the first finalizer,
        # which is executed last.
>       assert not self._finalizers
               ^^^^^^^^^^^^^^^^^^^^
E       AssertionError

/tmp/bossman-epoch4-venv/lib/python3.12/site-packages/_pytest/fixtures.py:1221: AssertionError
_ ERROR at setup of test_unclassified_real_denial_fails_without_impossible_approval[Done, the operation succeeded.] _

cls = <class '_pytest.runner.CallInfo'>
func = <function call_and_report.<locals>.<lambda> at 0x7f79dd3feb60>
when = 'setup'
reraise = (<class '_pytest.outcomes.Exit'>, <class 'KeyboardInterrupt'>)

    @classmethod
    def from_call(
        cls,
        func: Callable[[], TResult],
        when: Literal["collect", "setup", "call", "teardown"],
        reraise: type[BaseException] | tuple[type[BaseException], ...] | None = None,
    ) -> CallInfo[TResult]:
        """Call func, wrapping the result in a CallInfo.
    
        :param func:
            The function to call. Called without arguments.
        :type func: Callable[[], _pytest.runner.TResult]
        :param when:
            The phase in which the function is called.
        :param reraise:
            Exception or exceptions that shall propagate if raised by the
            function, instead of being wrapped in the CallInfo.
        """
        excinfo = None
        instant = timing.Instant()
        try:
>           result: TResult | None = func()
                                     ^^^^^^

/tmp/bossman-epoch4-venv/lib/python3.12/site-packages/_pytest/runner.py:361: 
_ _ _ _ _ _ _ _ _ _ _ _ _ _ _ _ _ _ _ _ _ _ _ _ _ _ _ _ _ _ _ _ _ _ _ _ _ _ _ _ 
/tmp/bossman-epoch4-venv/lib/python3.12/site-packages/_pytest/runner.py:250: in <lambda>
    lambda: runtest_hook(item=item, **kwds),
            ^^^^^^^^^^^^^^^^^^^^^^^^^^^^^^^
/tmp/bossman-epoch4-venv/lib/python3.12/site-packages/pluggy/_hooks.py:512: in __call__
    return self._hookexec(self.name, self._hookimpls.copy(), kwargs, firstresult)
           ^^^^^^^^^^^^^^^^^^^^^^^^^^^^^^^^^^^^^^^^^^^^^^^^^^^^^^^^^^^^^^^^^^^^^^
/tmp/bossman-epoch4-venv/lib/python3.12/site-packages/pluggy/_manager.py:120: in _hookexec
    return self._inner_hookexec(hook_name, methods, kwargs, firstresult)
           ^^^^^^^^^^^^^^^^^^^^^^^^^^^^^^^^^^^^^^^^^^^^^^^^^^^^^^^^^^^^^
/tmp/bossman-epoch4-venv/lib/python3.12/site-packages/_pytest/logging.py:858: in pytest_runtest_setup
    yield
/tmp/bossman-epoch4-venv/lib/python3.12/site-packages/_pytest/capture.py:895: in pytest_runtest_setup
    return (yield)
            ^^^^^
/tmp/bossman-epoch4-venv/lib/python3.12/site-packages/_pytest/runner.py:170: in pytest_runtest_setup
    item.session._setupstate.setup(item)
/tmp/bossman-epoch4-venv/lib/python3.12/site-packages/_pytest/runner.py:536: in setup
    col.setup()
/tmp/bossman-epoch4-venv/lib/python3.12/site-packages/_pytest/python.py:1710: in setup
    self._request._fillfixtures()
/tmp/bossman-epoch4-venv/lib/python3.12/site-packages/_pytest/fixtures.py:806: in _fillfixtures
    item.funcargs[argname] = self.getfixturevalue(argname)
                             ^^^^^^^^^^^^^^^^^^^^^^^^^^^^^
/tmp/bossman-epoch4-venv/lib/python3.12/site-packages/_pytest/fixtures.py:630: in getfixturevalue
    fixturedef = self._get_active_fixturedef(argname)
                 ^^^^^^^^^^^^^^^^^^^^^^^^^^^^^^^^^^^^
/tmp/bossman-epoch4-venv/lib/python3.12/site-packages/_pytest/fixtures.py:726: in _get_active_fixturedef
    fixturedef.execute(request=subrequest)
_ _ _ _ _ _ _ _ _ _ _ _ _ _ _ _ _ _ _ _ _ _ _ _ _ _ _ _ _ _ _ _ _ _ _ _ _ _ _ _ 

self = <FixtureDef argname='env' scope='function' baseid='command-center/tests'>
request = <SubRequest 'env' for <Function test_unclassified_real_denial_fails_without_impossible_approval[Done, the operation succeeded.]>>

    def execute(self, request: SubRequest) -> FixtureValue:
        """Return the value of this fixture, executing it if not cached."""
        # Ensure that the dependent fixtures requested by this fixture are loaded.
        # This needs to be done before checking if we have a cached value, since
        # if a dependent fixture has their cache invalidated, e.g. due to
        # parametrization, they finalize themselves and fixtures depending on it
        # (which will likely include this fixture) setting `self.cached_result = None`.
        # See #4871
        requested_fixtures_that_should_finalize_us = []
        for argname in self.argnames:
            fixturedef = request._get_active_fixturedef(argname)
            # Saves requested fixtures in a list so we later can add our finalizer
            # to them, ensuring that if a requested fixture gets torn down we get torn
            # down first. This is generally handled by SetupState, but still currently
            # needed when this fixture is not parametrized but depends on a parametrized
            # fixture.
            requested_fixtures_that_should_finalize_us.append(fixturedef)
    
        # Check for (and return) cached value/exception.
        if self.cached_result is not None:
            request_cache_key = self.cache_key(request)
            cache_key = self.cached_result[1]
            try:
                # Attempt to make a normal == check: this might fail for objects
                # which do not implement the standard comparison (like numpy arrays -- #6497).
                cache_hit = bool(request_cache_key == cache_key)
            except (ValueError, RuntimeError):
                # If the comparison raises, use 'is' as fallback.
                cache_hit = request_cache_key is cache_key
    
            if cache_hit:
                if self.cached_result[2] is not None:
                    exc, exc_tb = self.cached_result[2]
                    raise exc.with_traceback(exc_tb)
                else:
                    return self.cached_result[0]
            # We have a previous but differently parametrized fixture instance
            # so we need to tear it down before creating a new one.
            self.finish(request)
            assert self.cached_result is None
    
        # Add finalizer to requested fixtures we saved previously.
        # We make sure to do this after checking for cached value to avoid
        # adding our finalizer multiple times. (#12135)
        finalizer = functools.partial(self.finish, request=request)
        for parent_fixture in requested_fixtures_that_should_finalize_us:
            parent_fixture.addfinalizer(finalizer)
    
        # Register the pytest_fixture_post_finalizer as the first finalizer,
        # which is executed last.
>       assert not self._finalizers
               ^^^^^^^^^^^^^^^^^^^^
E       AssertionError

/tmp/bossman-epoch4-venv/lib/python3.12/site-packages/_pytest/fixtures.py:1221: AssertionError
_ ERROR at setup of test_unclassified_real_denial_fails_without_impossible_approval[The operation failed; I could not perform it.] _

cls = <class '_pytest.runner.CallInfo'>
func = <function call_and_report.<locals>.<lambda> at 0x7f79dd3fed40>
when = 'setup'
reraise = (<class '_pytest.outcomes.Exit'>, <class 'KeyboardInterrupt'>)

    @classmethod
    def from_call(
        cls,
        func: Callable[[], TResult],
        when: Literal["collect", "setup", "call", "teardown"],
        reraise: type[BaseException] | tuple[type[BaseException], ...] | None = None,
    ) -> CallInfo[TResult]:
        """Call func, wrapping the result in a CallInfo.
    
        :param func:
            The function to call. Called without arguments.
        :type func: Callable[[], _pytest.runner.TResult]
        :param when:
            The phase in which the function is called.
        :param reraise:
            Exception or exceptions that shall propagate if raised by the
            function, instead of being wrapped in the CallInfo.
        """
        excinfo = None
        instant = timing.Instant()
        try:
>           result: TResult | None = func()
                                     ^^^^^^

/tmp/bossman-epoch4-venv/lib/python3.12/site-packages/_pytest/runner.py:361: 
_ _ _ _ _ _ _ _ _ _ _ _ _ _ _ _ _ _ _ _ _ _ _ _ _ _ _ _ _ _ _ _ _ _ _ _ _ _ _ _ 
/tmp/bossman-epoch4-venv/lib/python3.12/site-packages/_pytest/runner.py:250: in <lambda>
    lambda: runtest_hook(item=item, **kwds),
            ^^^^^^^^^^^^^^^^^^^^^^^^^^^^^^^
/tmp/bossman-epoch4-venv/lib/python3.12/site-packages/pluggy/_hooks.py:512: in __call__
    return self._hookexec(self.name, self._hookimpls.copy(), kwargs, firstresult)
           ^^^^^^^^^^^^^^^^^^^^^^^^^^^^^^^^^^^^^^^^^^^^^^^^^^^^^^^^^^^^^^^^^^^^^^
/tmp/bossman-epoch4-venv/lib/python3.12/site-packages/pluggy/_manager.py:120: in _hookexec
    return self._inner_hookexec(hook_name, methods, kwargs, firstresult)
           ^^^^^^^^^^^^^^^^^^^^^^^^^^^^^^^^^^^^^^^^^^^^^^^^^^^^^^^^^^^^^
/tmp/bossman-epoch4-venv/lib/python3.12/site-packages/_pytest/logging.py:858: in pytest_runtest_setup
    yield
/tmp/bossman-epoch4-venv/lib/python3.12/site-packages/_pytest/capture.py:895: in pytest_runtest_setup
    return (yield)
            ^^^^^
/tmp/bossman-epoch4-venv/lib/python3.12/site-packages/_pytest/runner.py:170: in pytest_runtest_setup
    item.session._setupstate.setup(item)
/tmp/bossman-epoch4-venv/lib/python3.12/site-packages/_pytest/runner.py:536: in setup
    col.setup()
/tmp/bossman-epoch4-venv/lib/python3.12/site-packages/_pytest/python.py:1710: in setup
    self._request._fillfixtures()
/tmp/bossman-epoch4-venv/lib/python3.12/site-packages/_pytest/fixtures.py:806: in _fillfixtures
    item.funcargs[argname] = self.getfixturevalue(argname)
                             ^^^^^^^^^^^^^^^^^^^^^^^^^^^^^
/tmp/bossman-epoch4-venv/lib/python3.12/site-packages/_pytest/fixtures.py:630: in getfixturevalue
    fixturedef = self._get_active_fixturedef(argname)
                 ^^^^^^^^^^^^^^^^^^^^^^^^^^^^^^^^^^^^
/tmp/bossman-epoch4-venv/lib/python3.12/site-packages/_pytest/fixtures.py:726: in _get_active_fixturedef
    fixturedef.execute(request=subrequest)
_ _ _ _ _ _ _ _ _ _ _ _ _ _ _ _ _ _ _ _ _ _ _ _ _ _ _ _ _ _ _ _ _ _ _ _ _ _ _ _ 

self = <FixtureDef argname='env' scope='function' baseid='command-center/tests'>
request = <SubRequest 'env' for <Function test_unclassified_real_denial_fails_without_impossible_approval[The operation failed; I could not perform it.]>>

    def execute(self, request: SubRequest) -> FixtureValue:
        """Return the value of this fixture, executing it if not cached."""
        # Ensure that the dependent fixtures requested by this fixture are loaded.
        # This needs to be done before checking if we have a cached value, since
        # if a dependent fixture has their cache invalidated, e.g. due to
        # parametrization, they finalize themselves and fixtures depending on it
        # (which will likely include this fixture) setting `self.cached_result = None`.
        # See #4871
        requested_fixtures_that_should_finalize_us = []
        for argname in self.argnames:
            fixturedef = request._get_active_fixturedef(argname)
            # Saves requested fixtures in a list so we later can add our finalizer
            # to them, ensuring that if a requested fixture gets torn down we get torn
            # down first. This is generally handled by SetupState, but still currently
            # needed when this fixture is not parametrized but depends on a parametrized
            # fixture.
            requested_fixtures_that_should_finalize_us.append(fixturedef)
    
        # Check for (and return) cached value/exception.
        if self.cached_result is not None:
            request_cache_key = self.cache_key(request)
            cache_key = self.cached_result[1]
            try:
                # Attempt to make a normal == check: this might fail for objects
                # which do not implement the standard comparison (like numpy arrays -- #6497).
                cache_hit = bool(request_cache_key == cache_key)
            except (ValueError, RuntimeError):
                # If the comparison raises, use 'is' as fallback.
                cache_hit = request_cache_key is cache_key
    
            if cache_hit:
                if self.cached_result[2] is not None:
                    exc, exc_tb = self.cached_result[2]
                    raise exc.with_traceback(exc_tb)
                else:
                    return self.cached_result[0]
            # We have a previous but differently parametrized fixture instance
            # so we need to tear it down before creating a new one.
            self.finish(request)
            assert self.cached_result is None
    
        # Add finalizer to requested fixtures we saved previously.
        # We make sure to do this after checking for cached value to avoid
        # adding our finalizer multiple times. (#12135)
        finalizer = functools.partial(self.finish, request=request)
        for parent_fixture in requested_fixtures_that_should_finalize_us:
            parent_fixture.addfinalizer(finalizer)
    
        # Register the pytest_fixture_post_finalizer as the first finalizer,
        # which is executed last.
>       assert not self._finalizers
               ^^^^^^^^^^^^^^^^^^^^
E       AssertionError

/tmp/bossman-epoch4-venv/lib/python3.12/site-packages/_pytest/fixtures.py:1221: AssertionError
_ ERROR at setup of test_approved_real_nonzero_process_cannot_complete_unclassified_task _

cls = <class '_pytest.runner.CallInfo'>
func = <function call_and_report.<locals>.<lambda> at 0x7f79dd3fe5c0>
when = 'setup'
reraise = (<class '_pytest.outcomes.Exit'>, <class 'KeyboardInterrupt'>)

    @classmethod
    def from_call(
        cls,
        func: Callable[[], TResult],
        when: Literal["collect", "setup", "call", "teardown"],
        reraise: type[BaseException] | tuple[type[BaseException], ...] | None = None,
    ) -> CallInfo[TResult]:
        """Call func, wrapping the result in a CallInfo.
    
        :param func:
            The function to call. Called without arguments.
        :type func: Callable[[], _pytest.runner.TResult]
        :param when:
            The phase in which the function is called.
        :param reraise:
            Exception or exceptions that shall propagate if raised by the
            function, instead of being wrapped in the CallInfo.
        """
        excinfo = None
        instant = timing.Instant()
        try:
>           result: TResult | None = func()
                                     ^^^^^^

/tmp/bossman-epoch4-venv/lib/python3.12/site-packages/_pytest/runner.py:361: 
_ _ _ _ _ _ _ _ _ _ _ _ _ _ _ _ _ _ _ _ _ _ _ _ _ _ _ _ _ _ _ _ _ _ _ _ _ _ _ _ 
/tmp/bossman-epoch4-venv/lib/python3.12/site-packages/_pytest/runner.py:250: in <lambda>
    lambda: runtest_hook(item=item, **kwds),
            ^^^^^^^^^^^^^^^^^^^^^^^^^^^^^^^
/tmp/bossman-epoch4-venv/lib/python3.12/site-packages/pluggy/_hooks.py:512: in __call__
    return self._hookexec(self.name, self._hookimpls.copy(), kwargs, firstresult)
           ^^^^^^^^^^^^^^^^^^^^^^^^^^^^^^^^^^^^^^^^^^^^^^^^^^^^^^^^^^^^^^^^^^^^^^
/tmp/bossman-epoch4-venv/lib/python3.12/site-packages/pluggy/_manager.py:120: in _hookexec
    return self._inner_hookexec(hook_name, methods, kwargs, firstresult)
           ^^^^^^^^^^^^^^^^^^^^^^^^^^^^^^^^^^^^^^^^^^^^^^^^^^^^^^^^^^^^^
/tmp/bossman-epoch4-venv/lib/python3.12/site-packages/_pytest/logging.py:858: in pytest_runtest_setup
    yield
/tmp/bossman-epoch4-venv/lib/python3.12/site-packages/_pytest/capture.py:895: in pytest_runtest_setup
    return (yield)
            ^^^^^
/tmp/bossman-epoch4-venv/lib/python3.12/site-packages/_pytest/runner.py:170: in pytest_runtest_setup
    item.session._setupstate.setup(item)
/tmp/bossman-epoch4-venv/lib/python3.12/site-packages/_pytest/runner.py:536: in setup
    col.setup()
/tmp/bossman-epoch4-venv/lib/python3.12/site-packages/_pytest/python.py:1710: in setup
    self._request._fillfixtures()
/tmp/bossman-epoch4-venv/lib/python3.12/site-packages/_pytest/fixtures.py:806: in _fillfixtures
    item.funcargs[argname] = self.getfixturevalue(argname)
                             ^^^^^^^^^^^^^^^^^^^^^^^^^^^^^
/tmp/bossman-epoch4-venv/lib/python3.12/site-packages/_pytest/fixtures.py:630: in getfixturevalue
    fixturedef = self._get_active_fixturedef(argname)
                 ^^^^^^^^^^^^^^^^^^^^^^^^^^^^^^^^^^^^
/tmp/bossman-epoch4-venv/lib/python3.12/site-packages/_pytest/fixtures.py:726: in _get_active_fixturedef
    fixturedef.execute(request=subrequest)
_ _ _ _ _ _ _ _ _ _ _ _ _ _ _ _ _ _ _ _ _ _ _ _ _ _ _ _ _ _ _ _ _ _ _ _ _ _ _ _ 

self = <FixtureDef argname='env' scope='function' baseid='command-center/tests'>
request = <SubRequest 'env' for <Function test_approved_real_nonzero_process_cannot_complete_unclassified_task>>

    def execute(self, request: SubRequest) -> FixtureValue:
        """Return the value of this fixture, executing it if not cached."""
        # Ensure that the dependent fixtures requested by this fixture are loaded.
        # This needs to be done before checking if we have a cached value, since
        # if a dependent fixture has their cache invalidated, e.g. due to
        # parametrization, they finalize themselves and fixtures depending on it
        # (which will likely include this fixture) setting `self.cached_result = None`.
        # See #4871
        requested_fixtures_that_should_finalize_us = []
        for argname in self.argnames:
            fixturedef = request._get_active_fixturedef(argname)
            # Saves requested fixtures in a list so we later can add our finalizer
            # to them, ensuring that if a requested fixture gets torn down we get torn
            # down first. This is generally handled by SetupState, but still currently
            # needed when this fixture is not parametrized but depends on a parametrized
            # fixture.
            requested_fixtures_that_should_finalize_us.append(fixturedef)
    
        # Check for (and return) cached value/exception.
        if self.cached_result is not None:
            request_cache_key = self.cache_key(request)
            cache_key = self.cached_result[1]
            try:
                # Attempt to make a normal == check: this might fail for objects
                # which do not implement the standard comparison (like numpy arrays -- #6497).
                cache_hit = bool(request_cache_key == cache_key)
            except (ValueError, RuntimeError):
                # If the comparison raises, use 'is' as fallback.
                cache_hit = request_cache_key is cache_key
    
            if cache_hit:
                if self.cached_result[2] is not None:
                    exc, exc_tb = self.cached_result[2]
                    raise exc.with_traceback(exc_tb)
                else:
                    return self.cached_result[0]
            # We have a previous but differently parametrized fixture instance
            # so we need to tear it down before creating a new one.
            self.finish(request)
            assert self.cached_result is None
    
        # Add finalizer to requested fixtures we saved previously.
        # We make sure to do this after checking for cached value to avoid
        # adding our finalizer multiple times. (#12135)
        finalizer = functools.partial(self.finish, request=request)
        for parent_fixture in requested_fixtures_that_should_finalize_us:
            parent_fixture.addfinalizer(finalizer)
    
        # Register the pytest_fixture_post_finalizer as the first finalizer,
        # which is executed last.
>       assert not self._finalizers
               ^^^^^^^^^^^^^^^^^^^^
E       AssertionError

/tmp/bossman-epoch4-venv/lib/python3.12/site-packages/_pytest/fixtures.py:1221: AssertionError
=============================== warnings summary ===============================
tests/test_skips_registry.py::test_registry_is_current_and_every_skip_has_a_reason
tests/test_skips_registry.py::test_registry_rows_carry_owner_env_and_review
  /workspace/scratch/c457e997c6e2/wt-integration/bossman-core/tests/test_tools.py:118: SyntaxWarning: invalid escape sequence '\W'
    for bad in ("../../../etc/passwd", "/etc/passwd", "C:\Windows\win.ini"):

-- Docs: https://docs.pytest.org/en/stable/how-to/capture-warnings.html
=========================== short test summary info ============================
ERROR command-center/tests/test_video_native_finalize_contract.py::test_native_executor_cannot_bypass_required_effects[missing-effect]
ERROR command-center/tests/test_video_native_finalize_contract.py::test_native_executor_cannot_bypass_required_effects[observed-effect]
ERROR command-center/tests/test_executor_admission.py::test_owner_command_without_agent_is_blocked_before_run
ERROR command-center/tests/test_executor_admission.py::test_manual_admission_never_claims_queued_without_executor[run]
ERROR command-center/tests/test_executor_admission.py::test_manual_admission_never_claims_queued_without_executor[retry]
ERROR command-center/tests/test_executor_admission.py::test_manual_admission_never_claims_queued_without_executor[resume]
ERROR command-center/tests/test_executor_admission.py::test_disabled_executor_blocks_then_reenabled_executor_runs
ERROR command-center/tests/test_executor_admission.py::test_executor_removed_after_enqueue_is_blocked_without_model_call
ERROR command-center/tests/test_finalize_unclassified_failure.py::test_unclassified_real_denial_fails_without_impossible_approval[Done, the operation succeeded.]
ERROR command-center/tests/test_finalize_unclassified_failure.py::test_unclassified_real_denial_fails_without_impossible_approval[The operation failed; I could not perform it.]
ERROR command-center/tests/test_finalize_unclassified_failure.py::test_approved_real_nonzero_process_cannot_complete_unclassified_task
41 passed, 2 warnings, 11 errors in 56.84s
