16:30:02.244 [32m[INFO][0m setup plugin alembic.autogenerate.schemas
16:30:02.244 [32m[INFO][0m setup plugin alembic.autogenerate.tables
16:30:02.244 [32m[INFO][0m setup plugin alembic.autogenerate.types
16:30:02.244 [32m[INFO][0m setup plugin alembic.autogenerate.constraints
16:30:02.244 [32m[INFO][0m setup plugin alembic.autogenerate.defaults
16:30:02.244 [32m[INFO][0m setup plugin alembic.autogenerate.comments
16:30:02.244 [32m[INFO][0m setup plugin alembic.ext.checkconstraint_byname
16:30:02.822 [1m[33m[WARNING][0m On windows we are currently forcing single GPU mode in ComfyUI due to a Nvidia related issue, if you want to disable this use: --cuda-device all
16:30:02.827 [32m[INFO][0m Setting output directory to: C:\Users\asd\Bossman\media-work\animate-test\comfy_out
16:30:02.828 [32m[INFO][0m Setting input directory to: C:\Users\asd\Bossman\media-work\animate-test\input
16:30:02.828 [32m[INFO][0m Setting user directory to: C:\Users\asd\Bossman\media-work\animate-test\comfy_user
16:30:06.798 [32m[INFO][0m Found comfy_kitchen backend hip: {'available': True, 'disabled': False, 'unavailable_reason': None, 'capabilities': ['adaln', 'apply_rope', 'apply_rope1', 'apply_rope1_', 'apply_rope_', 'apply_rope_split_half', 'apply_rope_split_half1', 'apply_rope_split_half1_', 'apply_rope_split_half_', 'convrot_w4a4_linear', 'dequantize_convrot_w4a4_weight', 'dequantize_int8_convrot_weight_dtype', 'dequantize_int8_simple_dtype', 'dequantize_per_tensor_fp8', 'dequantize_w4a8_int8_weight', 'fp16_conv3d', 'fp16_linear', 'gemv_awq_w4a16', 'group_norm_silu_pad3d', 'int8_linear', 'na3d', 'quantize_and_rotate_rowwise', 'quantize_convrot_w4a4_weight', 'quantize_int8_convrot_weight', 'quantize_int8_rowwise', 'quantize_int8_tensorwise', 'quantize_per_tensor_fp8', 'quantize_svdquant_w4a4', 'quantize_w4a8_int8_weight', 'rms_adaln', 'rms_rope', 'rms_rope1', 'rms_rope1_', 'rms_rope_', 'rms_rope_split_half', 'rms_rope_split_half1', 'rms_rope_split_half1_', 'rms_rope_split_half_', 'scaled_mm_svdquant_w4a4', 'sol_attn', 'stochastic_rounding_fp8', 'w4a8_int8_linear']}
16:30:06.798 [32m[INFO][0m Found comfy_kitchen backend triton: {'available': False, 'disabled': True, 'unavailable_reason': "ImportError: No module named 'triton'", 'capabilities': []}
16:30:06.798 [32m[INFO][0m Found comfy_kitchen backend eager: {'available': True, 'disabled': False, 'unavailable_reason': None, 'capabilities': ['adaln', 'apply_rope', 'apply_rope1', 'apply_rope1_', 'apply_rope_', 'apply_rope_split_half', 'apply_rope_split_half1', 'apply_rope_split_half1_', 'apply_rope_split_half_', 'convrot_w4a4_linear', 'dequantize_convrot_w4a4_weight', 'dequantize_int8_convrot_weight', 'dequantize_int8_convrot_weight_dtype', 'dequantize_int8_embedding', 'dequantize_int8_simple', 'dequantize_int8_simple_dtype', 'dequantize_mxfp8', 'dequantize_nvfp4', 'dequantize_per_tensor_fp8', 'dequantize_w4a8_int8_weight', 'fp16_conv3d', 'fp16_linear', 'gemv_awq_w4a16', 'group_norm_silu_pad3d', 'int8_linear', 'na3d', 'prepare_int4_weight_for_int8_linear', 'quantize_and_rotate_rowwise', 'quantize_convrot_w4a4_weight', 'quantize_int8_convrot_weight', 'quantize_int8_rowwise', 'quantize_int8_tensorwise', 'quantize_mxfp8', 'quantize_nvfp4', 'quantize_per_tensor_fp8', 'quantize_svdquant_w4a4', 'quantize_w4a8_int8_weight', 'rms_adaln', 'rms_rope', 'rms_rope1', 'rms_rope1_', 'rms_rope_', 'rms_rope_split_half', 'rms_rope_split_half1', 'rms_rope_split_half1_', 'rms_rope_split_half_', 'rotate_int8_convrot_weight', 'scaled_mm_mxfp8', 'scaled_mm_nvfp4', 'scaled_mm_svdquant_w4a4', 'sol_attn', 'stochastic_rounding_fp8', 'w4a8_int8_linear']}
16:30:06.798 [32m[INFO][0m Found comfy_kitchen backend cuda: {'available': True, 'disabled': True, 'unavailable_reason': None, 'capabilities': ['adaln', 'apply_rope', 'apply_rope1', 'apply_rope1_', 'apply_rope_', 'apply_rope_split_half', 'apply_rope_split_half1', 'apply_rope_split_half1_', 'apply_rope_split_half_', 'convrot_w4a4_linear', 'dequantize_convrot_w4a4_weight', 'dequantize_int8_convrot_weight', 'dequantize_int8_convrot_weight_dtype', 'dequantize_int8_simple', 'dequantize_int8_simple_dtype', 'dequantize_nvfp4', 'dequantize_per_tensor_fp8', 'dequantize_w4a8_int8_weight', 'fp16_conv3d', 'fp16_linear', 'gemv_awq_w4a16', 'group_norm_silu_pad3d', 'na3d', 'prepare_int4_weight_for_int8_linear', 'quantize_and_rotate_rowwise', 'quantize_convrot_w4a4_weight', 'quantize_int8_convrot_weight', 'quantize_int8_rowwise', 'quantize_int8_tensorwise', 'quantize_mxfp8', 'quantize_nvfp4', 'quantize_per_tensor_fp8', 'quantize_svdquant_w4a4', 'quantize_w4a8_int8_weight', 'rms_adaln', 'rms_rope', 'rms_rope1', 'rms_rope1_', 'rms_rope_', 'rms_rope_split_half', 'rms_rope_split_half1', 'rms_rope_split_half1_', 'rms_rope_split_half_', 'rotate_int8_convrot_weight', 'scaled_mm_svdquant_w4a4', 'sol_attn', 'stochastic_rounding_fp8', 'w4a8_int8_linear']}
16:30:06.811 [32m[INFO][0m Checkpoint files will always be loaded safely.
16:30:07.021 [32m[INFO][0m Total VRAM 81703 MB, total RAM 122519 MB
16:30:07.021 [32m[INFO][0m pytorch version: 2.9.1+rocm7.2.1
16:30:07.022 [32m[INFO][0m Set: torch.backends.cudnn.enabled = False for better AMD performance.
16:30:07.022 [32m[INFO][0m AMD arch: gfx1151
16:30:07.022 [32m[INFO][0m ROCm version: (7, 2)
16:30:07.160 [32m[INFO][0m Set vram state to: NORMAL_VRAM
16:30:07.160 [32m[INFO][0m Device: cuda:0 AMD Radeon(TM) 8060S Graphics : native
16:30:07.172 [32m[INFO][0m Using async weight offloading with 2 streams
16:30:07.172 [32m[INFO][0m Enabled pinned memory 49007.0
16:30:07.214 [32m[INFO][0m Using pytorch attention
16:30:24.809 [32m[INFO][0m Python version: 3.12.10 (tags/v3.12.10:0cc8128, Apr  8 2025, 12:21:36) [MSC v.1943 64 bit (AMD64)]
16:30:24.809 [32m[INFO][0m ComfyUI version: 0.37.0
16:30:24.809 [32m[INFO][0m comfy-aimdo version: 0.5.5
16:30:24.810 [32m[INFO][0m comfy-kitchen version: 0.2.35
16:30:24.810 [32m[INFO][0m Setting temp directory to: C:\Users\asd\Bossman\media-work\animate-test\comfy_tmp\temp
16:30:24.821 [32m[INFO][0m comfyui-frontend-package version: 1.53.6
16:30:24.821 [32m[INFO][0m comfyui-workflow-templates version: 0.11.66
16:30:24.821 [32m[INFO][0m comfyui-embedded-docs version: 0.5.12
16:30:24.821 [32m[INFO][0m comfy-kitchen version: 0.2.35
16:30:24.821 [32m[INFO][0m comfy-aimdo version: 0.5.5
16:30:24.822 [32m[INFO][0m [Prompt Server] web root: C:\Users\asd\Bossman\media-runtime\comfyui-venv\Lib\site-packages\comfyui_frontend_package\static
16:30:24.823 [32m[INFO][0m Asset seeder disabled
16:30:26.014 [32m[INFO][0m No OpenGL_accelerate module loaded: No module named 'OpenGL_accelerate'
16:30:27.036 [32m[INFO][0m 
16:30:27.036 Import times for custom nodes:
16:30:27.036 [32m[INFO][0m    0.0 seconds: C:\Users\asd\Bossman\media-runtime\ComfyUI\custom_nodes\websocket_image_save.py
16:30:27.036 [32m[INFO][0m 
16:30:27.046 [32m[INFO][0m Context impl SQLiteImpl.
16:30:27.046 [32m[INFO][0m Will assume non-transactional DDL.
16:30:27.055 [32m[INFO][0m Context impl SQLiteImpl.
16:30:27.055 [32m[INFO][0m Will assume non-transactional DDL.
16:30:27.070 [32m[INFO][0m Running upgrade  -> 0001_assets, Initial assets schema
16:30:27.070 Revision ID: 0001_assets
16:30:27.071 Revises: None
16:30:27.071 Create Date: 2025-12-10 00:00:00
16:30:27.251 [32m[INFO][0m Running upgrade 0001_assets -> 0002_merge_to_asset_references, Merge AssetInfo and AssetCacheState into unified asset_references table.
16:30:27.384 [32m[INFO][0m Running upgrade 0002_merge_to_asset_references -> 0003_add_metadata_job_id, Add system_metadata and job_id columns to asset_references.
16:30:27.385 Change preview_id FK from assets.id to asset_references.id.
16:30:27.429 [32m[INFO][0m Running upgrade 0003_add_metadata_job_id -> 0004_drop_tag_type, Drop the vestigial tags.tag_type column.
16:30:27.445 [32m[INFO][0m Running upgrade 0004_drop_tag_type -> 0005_allow_case_sensitive_tags, Allow case-sensitive tag names.
16:30:27.460 [32m[INFO][0m Running upgrade 0005_allow_case_sensitive_tags -> 0006_add_loader_path, Add loader_path column to asset_references.
16:30:27.475 [32m[INFO][0m Running upgrade 0006_add_loader_path -> 0007_record_content_split, Record/content split.
16:30:27.517 [32m[INFO][0m Database upgraded from None to 0007_record_content_split
16:30:27.693 [32m[INFO][0m Using RAM pressure cache.
16:30:27.694 [32m[INFO][0m Starting server
16:30:27.695 [32m[INFO][0m To see the GUI go to: http://127.0.0.1:8191
16:30:27.860 [32m[INFO][0m got prompt
16:30:27.899 [32m[INFO][0m Model storage policy: fast_disk=True paths=['C:\\Users\\asd\\Bossman\\media-runtime\\ComfyUI\\models\\vae\\wan_2.1_vae.safetensors']
16:30:27.903 [32m[INFO][0m Using split attention in VAE
16:30:27.904 [32m[INFO][0m Using split attention in VAE
16:30:28.140 [32m[INFO][0m VAE load device: cuda:0, offload device: cpu, dtype: torch.bfloat16
16:30:31.853 [32m[INFO][0m Requested to load CLIPVisionModelProjection
16:30:32.336 [32m[INFO][0m loaded completely; 79866.67 MB usable, 1208.10 MB loaded, full load: True
16:30:33.965 C:\Users\asd\Bossman\media-runtime\ComfyUI\comfy\ops.py:96: UserWarning: Using AOTriton backend for Efficient Attention forward... (Triggered internally at C:/b/pytorch/aten/src/ATen/native/transformers/hip/attention.hip:1452.)
16:30:33.965   return torch.nn.functional.scaled_dot_product_attention(q, k, v, *args, **kwargs)
16:30:33.965 [32m[INFO][0m Found quantization metadata version 1
16:30:33.975 [32m[INFO][0m Using MixedPrecisionOps for text encoder
16:30:35.190 [32m[INFO][0m Model storage policy: fast_disk=True paths=['C:\\Users\\asd\\Bossman\\media-runtime\\ComfyUI\\models\\text_encoders\\umt5_xxl_fp8_e4m3fn_scaled.safetensors']
16:30:49.480 [32m[INFO][0m Requested to load WanTEModel
16:30:49.507 [32m[INFO][0m loaded completely;  6419.48 MB loaded, full load: True
16:30:49.514 [32m[INFO][0m CLIP/text encoder model load device: cuda:0, offload device: cpu, current: cuda:0, dtype: torch.float16
16:31:07.136 [32m[INFO][0m Requested to load WanVAE
16:31:07.254 [32m[INFO][0m loaded completely; 71066.17 MB usable, 242.03 MB loaded, full load: True
16:31:55.415 [32m[INFO][0m Found quantization metadata version 1
16:31:55.415 [32m[INFO][0m Detected mixed precision quantization
16:31:55.415 [32m[INFO][0m Using mixed precision operations
16:31:55.415 [32m[INFO][0m Native ops: convrot_w4a4, int8_tensorwise, asym_w4a8_int8 , emulated ops: mxfp8, float8_e5m2, float8_e4m3fn, nvfp4
16:31:55.444 [32m[INFO][0m model weight dtype torch.float16, manual cast: torch.float16
16:31:55.450 [32m[INFO][0m model_type FLOW
16:31:55.452 [32m[INFO][0m Model storage policy: fast_disk=True paths=['C:\\Users\\asd\\Bossman\\media-runtime\\ComfyUI\\models\\diffusion_models\\Wan2_2-Animate-14B_fp8_e4m3fn_scaled_KJ.safetensors']
16:31:57.488 [32m[INFO][0m Requested to load WAN22_Animate
